[36mvite v7.3.1 [32mbuilding client environment for production...[36m[39m
transforming...
